[BENCHMARK] num_samples 8
[BENCHMARK] num_error_samples 0

[BENCHMARK] num_samples 8
[BENCHMARK] total_latency(ms) 52718.99
[BENCHMARK] seq_throughput(seq/sec) 0.15
[BENCHMARK] token_throughput(token/sec) 35.21
[BENCHMARK] avg_acceptance_rate(tokens/decoding steps) 1.00

[BENCHMARK] avg_sequence_latency(ms) 26359.42
[BENCHMARK] max_sequence_latency(ms) 26681.04
[BENCHMARK] min_sequence_latency(ms) 26037.80
[BENCHMARK] p99_sequence_latency(ms) 26681.04
[BENCHMARK] p90_sequence_latency(ms) 26681.04
[BENCHMARK] p50_sequence_latency(ms) 26037.80

[BENCHMARK] avg_time_to_first_token(ms) 2484.06
[BENCHMARK] max_time_to_first_token(ms) 2808.03
[BENCHMARK] min_time_to_first_token(ms) 2160.10
[BENCHMARK] p99_time_to_first_token(ms) 2808.03
[BENCHMARK] p90_time_to_first_token(ms) 2808.03
[BENCHMARK] p50_time_to_first_token(ms) 2160.10

[BENCHMARK] avg_inter_token_latency(ms) 103.36
[BENCHMARK] max_inter_token_latency(ms) 103.37
[BENCHMARK] min_inter_token_latency(ms) 103.35
[BENCHMARK] p99_inter_token_latency(ms) 103.37
[BENCHMARK] p90_inter_token_latency(ms) 103.37
[BENCHMARK] p50_inter_token_latency(ms) 103.35

[BENCHMARK] avg_user_tokens_per_second(tokens/sec/user) 9.68
[BENCHMARK] max_user_tokens_per_second(tokens/sec/user) 9.68
[BENCHMARK] min_user_tokens_per_second(tokens/sec/user) 9.67
[BENCHMARK] p99_user_tokens_per_second(tokens/sec/user) 9.68
[BENCHMARK] p90_user_tokens_per_second(tokens/sec/user) 9.68
[BENCHMARK] p50_user_tokens_per_second(tokens/sec/user) 9.67

[BENCHMARK] avg_request_queueing_latency(ms) 1.91
[BENCHMARK] max_request_queueing_latency(ms) 2.13
[BENCHMARK] min_request_queueing_latency(ms) 1.69
[BENCHMARK] p99_request_queueing_latency(ms) 2.13
[BENCHMARK] p90_request_queueing_latency(ms) 2.13
[BENCHMARK] p50_request_queueing_latency(ms) 1.69

