[BENCHMARK] num_samples 8
[BENCHMARK] num_error_samples 0

[BENCHMARK] num_samples 8
[BENCHMARK] total_latency(ms) 92989.25
[BENCHMARK] seq_throughput(seq/sec) 0.09
[BENCHMARK] token_throughput(token/sec) 19.96
[BENCHMARK] avg_acceptance_rate(tokens/decoding steps) 1.00

[BENCHMARK] avg_sequence_latency(ms) 46494.57
[BENCHMARK] max_sequence_latency(ms) 46758.04
[BENCHMARK] min_sequence_latency(ms) 46231.11
[BENCHMARK] p99_sequence_latency(ms) 46758.04
[BENCHMARK] p90_sequence_latency(ms) 46758.04
[BENCHMARK] p50_sequence_latency(ms) 46231.11

[BENCHMARK] avg_time_to_first_token(ms) 1884.20
[BENCHMARK] max_time_to_first_token(ms) 2150.47
[BENCHMARK] min_time_to_first_token(ms) 1617.94
[BENCHMARK] p99_time_to_first_token(ms) 2150.47
[BENCHMARK] p90_time_to_first_token(ms) 2150.47
[BENCHMARK] p50_time_to_first_token(ms) 1617.94

[BENCHMARK] avg_inter_token_latency(ms) 193.12
[BENCHMARK] max_inter_token_latency(ms) 193.13
[BENCHMARK] min_inter_token_latency(ms) 193.11
[BENCHMARK] p99_inter_token_latency(ms) 193.13
[BENCHMARK] p90_inter_token_latency(ms) 193.13
[BENCHMARK] p50_inter_token_latency(ms) 193.11

[BENCHMARK] avg_user_tokens_per_second(tokens/sec/user) 5.18
[BENCHMARK] max_user_tokens_per_second(tokens/sec/user) 5.18
[BENCHMARK] min_user_tokens_per_second(tokens/sec/user) 5.18
[BENCHMARK] p99_user_tokens_per_second(tokens/sec/user) 5.18
[BENCHMARK] p90_user_tokens_per_second(tokens/sec/user) 5.18
[BENCHMARK] p50_user_tokens_per_second(tokens/sec/user) 5.18

[BENCHMARK] avg_request_queueing_latency(ms) 1.58
[BENCHMARK] max_request_queueing_latency(ms) 1.64
[BENCHMARK] min_request_queueing_latency(ms) 1.52
[BENCHMARK] p99_request_queueing_latency(ms) 1.64
[BENCHMARK] p90_request_queueing_latency(ms) 1.64
[BENCHMARK] p50_request_queueing_latency(ms) 1.52

