[BENCHMARK] num_samples 16
[BENCHMARK] num_error_samples 0

[BENCHMARK] num_samples 16
[BENCHMARK] total_latency(ms) 102309.47
[BENCHMARK] seq_throughput(seq/sec) 0.16
[BENCHMARK] token_throughput(token/sec) 36.28
[BENCHMARK] avg_acceptance_rate(tokens/decoding steps) 1.00

[BENCHMARK] avg_sequence_latency(ms) 51154.46
[BENCHMARK] max_sequence_latency(ms) 51429.93
[BENCHMARK] min_sequence_latency(ms) 50878.98
[BENCHMARK] p99_sequence_latency(ms) 51429.93
[BENCHMARK] p90_sequence_latency(ms) 51429.93
[BENCHMARK] p50_sequence_latency(ms) 50878.98

[BENCHMARK] avg_time_to_first_token(ms) 4086.16
[BENCHMARK] max_time_to_first_token(ms) 4364.15
[BENCHMARK] min_time_to_first_token(ms) 3808.16
[BENCHMARK] p99_time_to_first_token(ms) 4364.15
[BENCHMARK] p90_time_to_first_token(ms) 4364.15
[BENCHMARK] p50_time_to_first_token(ms) 3808.16

[BENCHMARK] avg_inter_token_latency(ms) 203.76
[BENCHMARK] max_inter_token_latency(ms) 203.77
[BENCHMARK] min_inter_token_latency(ms) 203.75
[BENCHMARK] p99_inter_token_latency(ms) 203.77
[BENCHMARK] p90_inter_token_latency(ms) 203.77
[BENCHMARK] p50_inter_token_latency(ms) 203.75

[BENCHMARK] avg_user_tokens_per_second(tokens/sec/user) 4.91
[BENCHMARK] max_user_tokens_per_second(tokens/sec/user) 4.91
[BENCHMARK] min_user_tokens_per_second(tokens/sec/user) 4.91
[BENCHMARK] p99_user_tokens_per_second(tokens/sec/user) 4.91
[BENCHMARK] p90_user_tokens_per_second(tokens/sec/user) 4.91
[BENCHMARK] p50_user_tokens_per_second(tokens/sec/user) 4.91

[BENCHMARK] avg_request_queueing_latency(ms) 2.46
[BENCHMARK] max_request_queueing_latency(ms) 2.51
[BENCHMARK] min_request_queueing_latency(ms) 2.41
[BENCHMARK] p99_request_queueing_latency(ms) 2.51
[BENCHMARK] p90_request_queueing_latency(ms) 2.51
[BENCHMARK] p50_request_queueing_latency(ms) 2.41

