[BENCHMARK] num_samples 2
[BENCHMARK] num_error_samples 0

[BENCHMARK] num_samples 2
[BENCHMARK] total_latency(ms) 46579.64
[BENCHMARK] seq_throughput(seq/sec) 0.04
[BENCHMARK] token_throughput(token/sec) 9.96
[BENCHMARK] avg_acceptance_rate(tokens/decoding steps) 1.00

[BENCHMARK] avg_sequence_latency(ms) 23289.80
[BENCHMARK] max_sequence_latency(ms) 23589.17
[BENCHMARK] min_sequence_latency(ms) 22990.42
[BENCHMARK] p99_sequence_latency(ms) 23589.17
[BENCHMARK] p90_sequence_latency(ms) 23589.17
[BENCHMARK] p50_sequence_latency(ms) 22990.42

[BENCHMARK] avg_time_to_first_token(ms) 403.88
[BENCHMARK] max_time_to_first_token(ms) 704.35
[BENCHMARK] min_time_to_first_token(ms) 103.41
[BENCHMARK] p99_time_to_first_token(ms) 704.35
[BENCHMARK] p90_time_to_first_token(ms) 704.35
[BENCHMARK] p50_time_to_first_token(ms) 103.41

[BENCHMARK] avg_inter_token_latency(ms) 99.07
[BENCHMARK] max_inter_token_latency(ms) 99.08
[BENCHMARK] min_inter_token_latency(ms) 99.07
[BENCHMARK] p99_inter_token_latency(ms) 99.08
[BENCHMARK] p90_inter_token_latency(ms) 99.08
[BENCHMARK] p50_inter_token_latency(ms) 99.07

[BENCHMARK] avg_user_tokens_per_second(tokens/sec/user) 10.09
[BENCHMARK] max_user_tokens_per_second(tokens/sec/user) 10.09
[BENCHMARK] min_user_tokens_per_second(tokens/sec/user) 10.09
[BENCHMARK] p99_user_tokens_per_second(tokens/sec/user) 10.09
[BENCHMARK] p90_user_tokens_per_second(tokens/sec/user) 10.09
[BENCHMARK] p50_user_tokens_per_second(tokens/sec/user) 10.09

[BENCHMARK] avg_request_queueing_latency(ms) 0.40
[BENCHMARK] max_request_queueing_latency(ms) 0.44
[BENCHMARK] min_request_queueing_latency(ms) 0.36
[BENCHMARK] p99_request_queueing_latency(ms) 0.44
[BENCHMARK] p90_request_queueing_latency(ms) 0.44
[BENCHMARK] p50_request_queueing_latency(ms) 0.36

