[BENCHMARK] num_samples 2
[BENCHMARK] num_error_samples 0

[BENCHMARK] num_samples 2
[BENCHMARK] total_latency(ms) 15659.16
[BENCHMARK] seq_throughput(seq/sec) 0.13
[BENCHMARK] token_throughput(token/sec) 29.63
[BENCHMARK] avg_acceptance_rate(tokens/decoding steps) 1.00

[BENCHMARK] avg_sequence_latency(ms) 7829.53
[BENCHMARK] max_sequence_latency(ms) 8343.70
[BENCHMARK] min_sequence_latency(ms) 7315.36
[BENCHMARK] p99_sequence_latency(ms) 8343.70
[BENCHMARK] p90_sequence_latency(ms) 8343.70
[BENCHMARK] p50_sequence_latency(ms) 7315.36

[BENCHMARK] avg_time_to_first_token(ms) 553.81
[BENCHMARK] max_time_to_first_token(ms) 1072.31
[BENCHMARK] min_time_to_first_token(ms) 35.31
[BENCHMARK] p99_time_to_first_token(ms) 1072.31
[BENCHMARK] p90_time_to_first_token(ms) 1072.31
[BENCHMARK] p50_time_to_first_token(ms) 35.31

[BENCHMARK] avg_inter_token_latency(ms) 31.50
[BENCHMARK] max_inter_token_latency(ms) 31.52
[BENCHMARK] min_inter_token_latency(ms) 31.48
[BENCHMARK] p99_inter_token_latency(ms) 31.52
[BENCHMARK] p90_inter_token_latency(ms) 31.52
[BENCHMARK] p50_inter_token_latency(ms) 31.48

[BENCHMARK] avg_user_tokens_per_second(tokens/sec/user) 31.75
[BENCHMARK] max_user_tokens_per_second(tokens/sec/user) 31.77
[BENCHMARK] min_user_tokens_per_second(tokens/sec/user) 31.73
[BENCHMARK] p99_user_tokens_per_second(tokens/sec/user) 31.77
[BENCHMARK] p90_user_tokens_per_second(tokens/sec/user) 31.77
[BENCHMARK] p50_user_tokens_per_second(tokens/sec/user) 31.73

[BENCHMARK] avg_request_queueing_latency(ms) 0.09
[BENCHMARK] max_request_queueing_latency(ms) 0.10
[BENCHMARK] min_request_queueing_latency(ms) 0.08
[BENCHMARK] p99_request_queueing_latency(ms) 0.10
[BENCHMARK] p90_request_queueing_latency(ms) 0.10
[BENCHMARK] p50_request_queueing_latency(ms) 0.08

