[BENCHMARK] num_samples 256
[BENCHMARK] num_error_samples 0

[BENCHMARK] num_samples 256
[BENCHMARK] total_latency(ms) 158657.11
[BENCHMARK] seq_throughput(seq/sec) 1.61
[BENCHMARK] token_throughput(token/sec) 374.34
[BENCHMARK] avg_acceptance_rate(tokens/decoding steps) 1.00

[BENCHMARK] avg_sequence_latency(ms) 79104.34
[BENCHMARK] max_sequence_latency(ms) 79365.95
[BENCHMARK] min_sequence_latency(ms) 78781.02
[BENCHMARK] p99_sequence_latency(ms) 79365.88
[BENCHMARK] p90_sequence_latency(ms) 79303.17
[BENCHMARK] p50_sequence_latency(ms) 79133.83

[BENCHMARK] avg_time_to_first_token(ms) 32435.90
[BENCHMARK] max_time_to_first_token(ms) 50172.19
[BENCHMARK] min_time_to_first_token(ms) 10989.44
[BENCHMARK] p99_time_to_first_token(ms) 50109.46
[BENCHMARK] p90_time_to_first_token(ms) 49748.34
[BENCHMARK] p50_time_to_first_token(ms) 30787.40

[BENCHMARK] avg_inter_token_latency(ms) 202.03
[BENCHMARK] max_inter_token_latency(ms) 293.47
[BENCHMARK] min_inter_token_latency(ms) 126.38
[BENCHMARK] p99_inter_token_latency(ms) 293.47
[BENCHMARK] p90_inter_token_latency(ms) 276.95
[BENCHMARK] p50_inter_token_latency(ms) 193.68

[BENCHMARK] avg_user_tokens_per_second(tokens/sec/user) 5.35
[BENCHMARK] max_user_tokens_per_second(tokens/sec/user) 7.91
[BENCHMARK] min_user_tokens_per_second(tokens/sec/user) 3.41
[BENCHMARK] p99_user_tokens_per_second(tokens/sec/user) 7.90
[BENCHMARK] p90_user_tokens_per_second(tokens/sec/user) 7.81
[BENCHMARK] p50_user_tokens_per_second(tokens/sec/user) 4.78

[BENCHMARK] avg_request_queueing_latency(ms) 9.15
[BENCHMARK] max_request_queueing_latency(ms) 10.22
[BENCHMARK] min_request_queueing_latency(ms) 8.09
[BENCHMARK] p99_request_queueing_latency(ms) 10.22
[BENCHMARK] p90_request_queueing_latency(ms) 10.22
[BENCHMARK] p50_request_queueing_latency(ms) 8.09

