==================================================
            Serving Benchmark Result
==================================================
Successful requests:                     16663     
Benchmark duration (s):                  12673.26  
Total input tokens:                      12710610  
Total generated tokens:                  3872466   
Request throughput (req/s):              1.31      
Output token throughput (tok/s):         305.56    
Total Token throughput (tok/s):          1308.51   
----------------End-to-end Latency----------------
Mean E2EL (ms):                          392174.22 
Median E2EL (ms):                        293948.55 
P10 E2EL (ms):                           132995.99 
P25 E2EL (ms):                           179766.16 
P50 E2EL (ms):                           293948.55 
P75 E2EL (ms):                           629766.12 
P90 E2EL (ms):                           723870.61 
P99 E2EL (ms):                           975111.41 
---------------Time to First Token----------------
Mean TTFT (ms):                          60786.56  
Median TTFT (ms):                        46500.22  
P10 TTFT (ms):                           3022.28   
P25 TTFT (ms):                           8329.48   
P50 TTFT (ms):                           46500.22  
P75 TTFT (ms):                           94271.70  
P90 TTFT (ms):                           141723.95 
P99 TTFT (ms):                           244295.93 
-----Time per Output Token (excl. 1st token)------
Mean TPOT (ms):                          1478.10   
Median TPOT (ms):                        1473.05   
P10 TPOT (ms):                           1237.60   
P25 TPOT (ms):                           1362.11   
P50 TPOT (ms):                           1473.05   
P75 TPOT (ms):                           1609.46   
P90 TPOT (ms):                           1729.54   
P99 TPOT (ms):                           2045.66   
---------------Inter-token Latency----------------
Mean ITL (ms):                           1432.10   
Median ITL (ms):                         524.90    
P10 ITL (ms):                            453.66    
P25 ITL (ms):                            468.76    
P50 ITL (ms):                            524.90    
P75 ITL (ms):                            2151.10   
P90 ITL (ms):                            3407.51   
P99 ITL (ms):                            6079.87   
==================================================