[BENCHMARK] num_samples 2
[BENCHMARK] num_error_samples 0

[BENCHMARK] num_samples 2
[BENCHMARK] total_latency(ms) 253082.17
[BENCHMARK] seq_throughput(seq/sec) 0.01
[BENCHMARK] token_throughput(token/sec) 1.83
[BENCHMARK] avg_acceptance_rate(tokens/decoding steps) 1.00

[BENCHMARK] avg_sequence_latency(ms) 126541.05
[BENCHMARK] max_sequence_latency(ms) 127298.17
[BENCHMARK] min_sequence_latency(ms) 125783.94
[BENCHMARK] p99_sequence_latency(ms) 127298.17
[BENCHMARK] p90_sequence_latency(ms) 127298.17
[BENCHMARK] p50_sequence_latency(ms) 125783.94

[BENCHMARK] avg_time_to_first_token(ms) 1304.31
[BENCHMARK] max_time_to_first_token(ms) 2061.94
[BENCHMARK] min_time_to_first_token(ms) 546.68
[BENCHMARK] p99_time_to_first_token(ms) 2061.94
[BENCHMARK] p90_time_to_first_token(ms) 2061.94
[BENCHMARK] p50_time_to_first_token(ms) 546.68

[BENCHMARK] avg_inter_token_latency(ms) 542.15
[BENCHMARK] max_inter_token_latency(ms) 542.15
[BENCHMARK] min_inter_token_latency(ms) 542.15
[BENCHMARK] p99_inter_token_latency(ms) 542.15
[BENCHMARK] p90_inter_token_latency(ms) 542.15
[BENCHMARK] p50_inter_token_latency(ms) 542.15

[BENCHMARK] avg_user_tokens_per_second(tokens/sec/user) 1.84
[BENCHMARK] max_user_tokens_per_second(tokens/sec/user) 1.84
[BENCHMARK] min_user_tokens_per_second(tokens/sec/user) 1.84
[BENCHMARK] p99_user_tokens_per_second(tokens/sec/user) 1.84
[BENCHMARK] p90_user_tokens_per_second(tokens/sec/user) 1.84
[BENCHMARK] p50_user_tokens_per_second(tokens/sec/user) 1.84

[BENCHMARK] avg_request_queueing_latency(ms) 0.79
[BENCHMARK] max_request_queueing_latency(ms) 0.80
[BENCHMARK] min_request_queueing_latency(ms) 0.77
[BENCHMARK] p99_request_queueing_latency(ms) 0.80
[BENCHMARK] p90_request_queueing_latency(ms) 0.80
[BENCHMARK] p50_request_queueing_latency(ms) 0.77

