[BENCHMARK] num_samples 20
[BENCHMARK] num_error_samples 0

[BENCHMARK] num_samples 20
[BENCHMARK] total_latency(ms) 665768.75
[BENCHMARK] seq_throughput(seq/sec) 0.03
[BENCHMARK] token_throughput(token/sec) 6.97
[BENCHMARK] avg_acceptance_rate(tokens/decoding steps) 1.00

[BENCHMARK] avg_sequence_latency(ms) 66576.83
[BENCHMARK] max_sequence_latency(ms) 66710.28
[BENCHMARK] min_sequence_latency(ms) 65427.20
[BENCHMARK] p99_sequence_latency(ms) 66710.28
[BENCHMARK] p90_sequence_latency(ms) 66708.46
[BENCHMARK] p50_sequence_latency(ms) 66703.26

[BENCHMARK] avg_time_to_first_token(ms) 2487.34
[BENCHMARK] max_time_to_first_token(ms) 2621.90
[BENCHMARK] min_time_to_first_token(ms) 1334.52
[BENCHMARK] p99_time_to_first_token(ms) 2621.90
[BENCHMARK] p90_time_to_first_token(ms) 2619.83
[BENCHMARK] p50_time_to_first_token(ms) 2611.81

[BENCHMARK] avg_inter_token_latency(ms) 277.44
[BENCHMARK] max_inter_token_latency(ms) 277.46
[BENCHMARK] min_inter_token_latency(ms) 277.43
[BENCHMARK] p99_inter_token_latency(ms) 277.46
[BENCHMARK] p90_inter_token_latency(ms) 277.45
[BENCHMARK] p50_inter_token_latency(ms) 277.44

[BENCHMARK] avg_user_tokens_per_second(tokens/sec/user) 3.60
[BENCHMARK] max_user_tokens_per_second(tokens/sec/user) 3.60
[BENCHMARK] min_user_tokens_per_second(tokens/sec/user) 3.60
[BENCHMARK] p99_user_tokens_per_second(tokens/sec/user) 3.60
[BENCHMARK] p90_user_tokens_per_second(tokens/sec/user) 3.60
[BENCHMARK] p50_user_tokens_per_second(tokens/sec/user) 3.60

[BENCHMARK] avg_request_queueing_latency(ms) 0.94
[BENCHMARK] max_request_queueing_latency(ms) 1.21
[BENCHMARK] min_request_queueing_latency(ms) 0.81
[BENCHMARK] p99_request_queueing_latency(ms) 1.21
[BENCHMARK] p90_request_queueing_latency(ms) 1.01
[BENCHMARK] p50_request_queueing_latency(ms) 0.90

