[BENCHMARK] num_samples 20
[BENCHMARK] num_error_samples 0

[BENCHMARK] num_samples 20
[BENCHMARK] total_latency(ms) 202674.67
[BENCHMARK] seq_throughput(seq/sec) 0.10
[BENCHMARK] token_throughput(token/sec) 22.89
[BENCHMARK] avg_acceptance_rate(tokens/decoding steps) 1.00

[BENCHMARK] avg_sequence_latency(ms) 20267.44
[BENCHMARK] max_sequence_latency(ms) 20393.27
[BENCHMARK] min_sequence_latency(ms) 19219.56
[BENCHMARK] p99_sequence_latency(ms) 20393.27
[BENCHMARK] p90_sequence_latency(ms) 20390.59
[BENCHMARK] p50_sequence_latency(ms) 20384.12

[BENCHMARK] avg_time_to_first_token(ms) 2255.73
[BENCHMARK] max_time_to_first_token(ms) 2374.56
[BENCHMARK] min_time_to_first_token(ms) 1223.48
[BENCHMARK] p99_time_to_first_token(ms) 2374.56
[BENCHMARK] p90_time_to_first_token(ms) 2373.56
[BENCHMARK] p50_time_to_first_token(ms) 2367.16

[BENCHMARK] avg_inter_token_latency(ms) 77.97
[BENCHMARK] max_inter_token_latency(ms) 78.01
[BENCHMARK] min_inter_token_latency(ms) 77.91
[BENCHMARK] p99_inter_token_latency(ms) 78.01
[BENCHMARK] p90_inter_token_latency(ms) 78.01
[BENCHMARK] p50_inter_token_latency(ms) 77.98

[BENCHMARK] avg_user_tokens_per_second(tokens/sec/user) 12.82
[BENCHMARK] max_user_tokens_per_second(tokens/sec/user) 12.84
[BENCHMARK] min_user_tokens_per_second(tokens/sec/user) 12.82
[BENCHMARK] p99_user_tokens_per_second(tokens/sec/user) 12.84
[BENCHMARK] p90_user_tokens_per_second(tokens/sec/user) 12.83
[BENCHMARK] p50_user_tokens_per_second(tokens/sec/user) 12.82

[BENCHMARK] avg_request_queueing_latency(ms) 0.10
[BENCHMARK] max_request_queueing_latency(ms) 0.15
[BENCHMARK] min_request_queueing_latency(ms) 0.09
[BENCHMARK] p99_request_queueing_latency(ms) 0.15
[BENCHMARK] p90_request_queueing_latency(ms) 0.11
[BENCHMARK] p50_request_queueing_latency(ms) 0.09

