[BENCHMARK] num_samples 320
[BENCHMARK] num_error_samples 0

[BENCHMARK] num_samples 320
[BENCHMARK] total_latency(ms) 919536.06
[BENCHMARK] seq_throughput(seq/sec) 0.35
[BENCHMARK] token_throughput(token/sec) 80.74
[BENCHMARK] avg_acceptance_rate(tokens/decoding steps) 1.00

[BENCHMARK] avg_sequence_latency(ms) 91856.48
[BENCHMARK] max_sequence_latency(ms) 92217.32
[BENCHMARK] min_sequence_latency(ms) 91428.77
[BENCHMARK] p99_sequence_latency(ms) 92217.19
[BENCHMARK] p90_sequence_latency(ms) 92154.91
[BENCHMARK] p50_sequence_latency(ms) 91918.03

[BENCHMARK] avg_time_to_first_token(ms) 22124.11
[BENCHMARK] max_time_to_first_token(ms) 22694.23
[BENCHMARK] min_time_to_first_token(ms) 21656.53
[BENCHMARK] p99_time_to_first_token(ms) 22611.05
[BENCHMARK] p90_time_to_first_token(ms) 22465.50
[BENCHMARK] p50_time_to_first_token(ms) 22095.75

[BENCHMARK] avg_inter_token_latency(ms) 301.87
[BENCHMARK] max_inter_token_latency(ms) 302.32
[BENCHMARK] min_inter_token_latency(ms) 300.95
[BENCHMARK] p99_inter_token_latency(ms) 302.32
[BENCHMARK] p90_inter_token_latency(ms) 302.14
[BENCHMARK] p50_inter_token_latency(ms) 301.85

[BENCHMARK] avg_user_tokens_per_second(tokens/sec/user) 3.31
[BENCHMARK] max_user_tokens_per_second(tokens/sec/user) 3.32
[BENCHMARK] min_user_tokens_per_second(tokens/sec/user) 3.31
[BENCHMARK] p99_user_tokens_per_second(tokens/sec/user) 3.32
[BENCHMARK] p90_user_tokens_per_second(tokens/sec/user) 3.31
[BENCHMARK] p50_user_tokens_per_second(tokens/sec/user) 3.31

[BENCHMARK] avg_request_queueing_latency(ms) 3.84
[BENCHMARK] max_request_queueing_latency(ms) 5.36
[BENCHMARK] min_request_queueing_latency(ms) 3.48
[BENCHMARK] p99_request_queueing_latency(ms) 5.36
[BENCHMARK] p90_request_queueing_latency(ms) 3.89
[BENCHMARK] p50_request_queueing_latency(ms) 3.64

