[BENCHMARK] num_samples 40
[BENCHMARK] num_error_samples 0

[BENCHMARK] num_samples 40
[BENCHMARK] total_latency(ms) 235780.06
[BENCHMARK] seq_throughput(seq/sec) 0.17
[BENCHMARK] token_throughput(token/sec) 39.36
[BENCHMARK] avg_acceptance_rate(tokens/decoding steps) 1.00

[BENCHMARK] avg_sequence_latency(ms) 23577.96
[BENCHMARK] max_sequence_latency(ms) 23705.39
[BENCHMARK] min_sequence_latency(ms) 22641.86
[BENCHMARK] p99_sequence_latency(ms) 23705.39
[BENCHMARK] p90_sequence_latency(ms) 23702.67
[BENCHMARK] p50_sequence_latency(ms) 23675.97

[BENCHMARK] avg_time_to_first_token(ms) 4647.92
[BENCHMARK] max_time_to_first_token(ms) 4761.89
[BENCHMARK] min_time_to_first_token(ms) 3703.34
[BENCHMARK] p99_time_to_first_token(ms) 4761.89
[BENCHMARK] p90_time_to_first_token(ms) 4761.89
[BENCHMARK] p50_time_to_first_token(ms) 4749.39

[BENCHMARK] avg_inter_token_latency(ms) 81.95
[BENCHMARK] max_inter_token_latency(ms) 82.01
[BENCHMARK] min_inter_token_latency(ms) 81.90
[BENCHMARK] p99_inter_token_latency(ms) 82.01
[BENCHMARK] p90_inter_token_latency(ms) 81.99
[BENCHMARK] p50_inter_token_latency(ms) 81.94

[BENCHMARK] avg_user_tokens_per_second(tokens/sec/user) 12.20
[BENCHMARK] max_user_tokens_per_second(tokens/sec/user) 12.21
[BENCHMARK] min_user_tokens_per_second(tokens/sec/user) 12.19
[BENCHMARK] p99_user_tokens_per_second(tokens/sec/user) 12.21
[BENCHMARK] p90_user_tokens_per_second(tokens/sec/user) 12.21
[BENCHMARK] p50_user_tokens_per_second(tokens/sec/user) 12.20

[BENCHMARK] avg_request_queueing_latency(ms) 0.43
[BENCHMARK] max_request_queueing_latency(ms) 1.77
[BENCHMARK] min_request_queueing_latency(ms) 0.24
[BENCHMARK] p99_request_queueing_latency(ms) 1.77
[BENCHMARK] p90_request_queueing_latency(ms) 0.35
[BENCHMARK] p50_request_queueing_latency(ms) 0.28

