[BENCHMARK] num_samples 320
[BENCHMARK] num_error_samples 0

[BENCHMARK] num_samples 320
[BENCHMARK] total_latency(ms) 655088.00
[BENCHMARK] seq_throughput(seq/sec) 0.49
[BENCHMARK] token_throughput(token/sec) 113.33
[BENCHMARK] avg_acceptance_rate(tokens/decoding steps) 1.00

[BENCHMARK] avg_sequence_latency(ms) 65436.80
[BENCHMARK] max_sequence_latency(ms) 65658.75
[BENCHMARK] min_sequence_latency(ms) 64857.80
[BENCHMARK] p99_sequence_latency(ms) 65658.66
[BENCHMARK] p90_sequence_latency(ms) 65611.96
[BENCHMARK] p50_sequence_latency(ms) 65468.90

[BENCHMARK] avg_time_to_first_token(ms) 19807.13
[BENCHMARK] max_time_to_first_token(ms) 21773.29
[BENCHMARK] min_time_to_first_token(ms) 15686.91
[BENCHMARK] p99_time_to_first_token(ms) 21732.02
[BENCHMARK] p90_time_to_first_token(ms) 21655.26
[BENCHMARK] p50_time_to_first_token(ms) 21398.55

[BENCHMARK] avg_inter_token_latency(ms) 197.53
[BENCHMARK] max_inter_token_latency(ms) 213.42
[BENCHMARK] min_inter_token_latency(ms) 189.13
[BENCHMARK] p99_inter_token_latency(ms) 213.42
[BENCHMARK] p90_inter_token_latency(ms) 213.23
[BENCHMARK] p50_inter_token_latency(ms) 190.69

[BENCHMARK] avg_user_tokens_per_second(tokens/sec/user) 5.08
[BENCHMARK] max_user_tokens_per_second(tokens/sec/user) 5.29
[BENCHMARK] min_user_tokens_per_second(tokens/sec/user) 4.69
[BENCHMARK] p99_user_tokens_per_second(tokens/sec/user) 5.28
[BENCHMARK] p90_user_tokens_per_second(tokens/sec/user) 5.26
[BENCHMARK] p50_user_tokens_per_second(tokens/sec/user) 5.24

[BENCHMARK] avg_request_queueing_latency(ms) 2.50
[BENCHMARK] max_request_queueing_latency(ms) 4.15
[BENCHMARK] min_request_queueing_latency(ms) 2.07
[BENCHMARK] p99_request_queueing_latency(ms) 4.15
[BENCHMARK] p90_request_queueing_latency(ms) 2.58
[BENCHMARK] p50_request_queueing_latency(ms) 2.38

