[BENCHMARK] num_samples 160
[BENCHMARK] num_error_samples 0

[BENCHMARK] num_samples 160
[BENCHMARK] total_latency(ms) 508490.91
[BENCHMARK] seq_throughput(seq/sec) 0.31
[BENCHMARK] token_throughput(token/sec) 73.00
[BENCHMARK] avg_acceptance_rate(tokens/decoding steps) 1.00

[BENCHMARK] avg_sequence_latency(ms) 50803.55
[BENCHMARK] max_sequence_latency(ms) 51107.77
[BENCHMARK] min_sequence_latency(ms) 49851.17
[BENCHMARK] p99_sequence_latency(ms) 51107.71
[BENCHMARK] p90_sequence_latency(ms) 51035.18
[BENCHMARK] p50_sequence_latency(ms) 50922.41

[BENCHMARK] avg_time_to_first_token(ms) 13155.40
[BENCHMARK] max_time_to_first_token(ms) 13574.86
[BENCHMARK] min_time_to_first_token(ms) 12144.07
[BENCHMARK] p99_time_to_first_token(ms) 13535.90
[BENCHMARK] p90_time_to_first_token(ms) 13447.56
[BENCHMARK] p50_time_to_first_token(ms) 13251.20

[BENCHMARK] avg_inter_token_latency(ms) 162.98
[BENCHMARK] max_inter_token_latency(ms) 163.57
[BENCHMARK] min_inter_token_latency(ms) 161.93
[BENCHMARK] p99_inter_token_latency(ms) 163.57
[BENCHMARK] p90_inter_token_latency(ms) 163.49
[BENCHMARK] p50_inter_token_latency(ms) 163.03

[BENCHMARK] avg_user_tokens_per_second(tokens/sec/user) 6.14
[BENCHMARK] max_user_tokens_per_second(tokens/sec/user) 6.18
[BENCHMARK] min_user_tokens_per_second(tokens/sec/user) 6.11
[BENCHMARK] p99_user_tokens_per_second(tokens/sec/user) 6.17
[BENCHMARK] p90_user_tokens_per_second(tokens/sec/user) 6.16
[BENCHMARK] p50_user_tokens_per_second(tokens/sec/user) 6.13

[BENCHMARK] avg_request_queueing_latency(ms) 1.48
[BENCHMARK] max_request_queueing_latency(ms) 2.71
[BENCHMARK] min_request_queueing_latency(ms) 1.23
[BENCHMARK] p99_request_queueing_latency(ms) 2.71
[BENCHMARK] p90_request_queueing_latency(ms) 1.62
[BENCHMARK] p50_request_queueing_latency(ms) 1.29

