[BENCHMARK] num_samples 160
[BENCHMARK] num_error_samples 0

[BENCHMARK] num_samples 160
[BENCHMARK] total_latency(ms) 449556.75
[BENCHMARK] seq_throughput(seq/sec) 0.36
[BENCHMARK] token_throughput(token/sec) 82.57
[BENCHMARK] avg_acceptance_rate(tokens/decoding steps) 1.00

[BENCHMARK] avg_sequence_latency(ms) 44900.81
[BENCHMARK] max_sequence_latency(ms) 45061.23
[BENCHMARK] min_sequence_latency(ms) 44339.89
[BENCHMARK] p99_sequence_latency(ms) 45061.23
[BENCHMARK] p90_sequence_latency(ms) 45034.93
[BENCHMARK] p50_sequence_latency(ms) 44944.59

[BENCHMARK] avg_time_to_first_token(ms) 15264.80
[BENCHMARK] max_time_to_first_token(ms) 19310.22
[BENCHMARK] min_time_to_first_token(ms) 12352.09
[BENCHMARK] p99_time_to_first_token(ms) 19310.22
[BENCHMARK] p90_time_to_first_token(ms) 19298.57
[BENCHMARK] p50_time_to_first_token(ms) 12956.35

[BENCHMARK] avg_inter_token_latency(ms) 128.29
[BENCHMARK] max_inter_token_latency(ms) 138.59
[BENCHMARK] min_inter_token_latency(ms) 111.28
[BENCHMARK] p99_inter_token_latency(ms) 138.59
[BENCHMARK] p90_inter_token_latency(ms) 138.53
[BENCHMARK] p50_inter_token_latency(ms) 138.37

[BENCHMARK] avg_user_tokens_per_second(tokens/sec/user) 7.88
[BENCHMARK] max_user_tokens_per_second(tokens/sec/user) 8.99
[BENCHMARK] min_user_tokens_per_second(tokens/sec/user) 7.22
[BENCHMARK] p99_user_tokens_per_second(tokens/sec/user) 8.99
[BENCHMARK] p90_user_tokens_per_second(tokens/sec/user) 8.98
[BENCHMARK] p50_user_tokens_per_second(tokens/sec/user) 7.23

[BENCHMARK] avg_request_queueing_latency(ms) 0.77
[BENCHMARK] max_request_queueing_latency(ms) 2.18
[BENCHMARK] min_request_queueing_latency(ms) 0.53
[BENCHMARK] p99_request_queueing_latency(ms) 2.18
[BENCHMARK] p90_request_queueing_latency(ms) 0.65
[BENCHMARK] p50_request_queueing_latency(ms) 0.63

