[BENCHMARK] num_samples 12
[BENCHMARK] num_error_samples 0

[BENCHMARK] num_samples 12
[BENCHMARK] total_latency(ms) 76085.09
[BENCHMARK] seq_throughput(seq/sec) 0.16
[BENCHMARK] token_throughput(token/sec) 36.59
[BENCHMARK] avg_acceptance_rate(tokens/decoding steps) 1.00

[BENCHMARK] avg_sequence_latency(ms) 25361.66
[BENCHMARK] max_sequence_latency(ms) 25493.68
[BENCHMARK] min_sequence_latency(ms) 25100.74
[BENCHMARK] p99_sequence_latency(ms) 25493.68
[BENCHMARK] p90_sequence_latency(ms) 25493.68
[BENCHMARK] p50_sequence_latency(ms) 25490.56

[BENCHMARK] avg_time_to_first_token(ms) 1521.21
[BENCHMARK] max_time_to_first_token(ms) 1654.54
[BENCHMARK] min_time_to_first_token(ms) 1258.96
[BENCHMARK] p99_time_to_first_token(ms) 1654.54
[BENCHMARK] p90_time_to_first_token(ms) 1654.54
[BENCHMARK] p50_time_to_first_token(ms) 1650.14

[BENCHMARK] avg_inter_token_latency(ms) 103.21
[BENCHMARK] max_inter_token_latency(ms) 103.22
[BENCHMARK] min_inter_token_latency(ms) 103.19
[BENCHMARK] p99_inter_token_latency(ms) 103.22
[BENCHMARK] p90_inter_token_latency(ms) 103.22
[BENCHMARK] p50_inter_token_latency(ms) 103.21

[BENCHMARK] avg_user_tokens_per_second(tokens/sec/user) 9.69
[BENCHMARK] max_user_tokens_per_second(tokens/sec/user) 9.69
[BENCHMARK] min_user_tokens_per_second(tokens/sec/user) 9.69
[BENCHMARK] p99_user_tokens_per_second(tokens/sec/user) 9.69
[BENCHMARK] p90_user_tokens_per_second(tokens/sec/user) 9.69
[BENCHMARK] p50_user_tokens_per_second(tokens/sec/user) 9.69

[BENCHMARK] avg_request_queueing_latency(ms) 1.32
[BENCHMARK] max_request_queueing_latency(ms) 1.39
[BENCHMARK] min_request_queueing_latency(ms) 1.28
[BENCHMARK] p99_request_queueing_latency(ms) 1.39
[BENCHMARK] p90_request_queueing_latency(ms) 1.39
[BENCHMARK] p50_request_queueing_latency(ms) 1.30

