[BENCHMARK] num_samples 192
[BENCHMARK] num_error_samples 0

[BENCHMARK] num_samples 192
[BENCHMARK] total_latency(ms) 65878.00
[BENCHMARK] seq_throughput(seq/sec) 2.91
[BENCHMARK] token_throughput(token/sec) 676.16
[BENCHMARK] avg_acceptance_rate(tokens/decoding steps) 1.00

[BENCHMARK] avg_sequence_latency(ms) 21921.90
[BENCHMARK] max_sequence_latency(ms) 21985.81
[BENCHMARK] min_sequence_latency(ms) 21839.49
[BENCHMARK] p99_sequence_latency(ms) 21985.76
[BENCHMARK] p90_sequence_latency(ms) 21970.54
[BENCHMARK] p50_sequence_latency(ms) 21922.99

[BENCHMARK] avg_time_to_first_token(ms) 5015.61
[BENCHMARK] max_time_to_first_token(ms) 5415.14
[BENCHMARK] min_time_to_first_token(ms) 4078.39
[BENCHMARK] p99_time_to_first_token(ms) 5408.58
[BENCHMARK] p90_time_to_first_token(ms) 5356.12
[BENCHMARK] p50_time_to_first_token(ms) 5252.05

[BENCHMARK] avg_inter_token_latency(ms) 73.19
[BENCHMARK] max_inter_token_latency(ms) 76.90
[BENCHMARK] min_inter_token_latency(ms) 71.70
[BENCHMARK] p99_inter_token_latency(ms) 76.90
[BENCHMARK] p90_inter_token_latency(ms) 76.89
[BENCHMARK] p50_inter_token_latency(ms) 72.16

[BENCHMARK] avg_user_tokens_per_second(tokens/sec/user) 13.67
[BENCHMARK] max_user_tokens_per_second(tokens/sec/user) 13.95
[BENCHMARK] min_user_tokens_per_second(tokens/sec/user) 13.00
[BENCHMARK] p99_user_tokens_per_second(tokens/sec/user) 13.94
[BENCHMARK] p90_user_tokens_per_second(tokens/sec/user) 13.90
[BENCHMARK] p50_user_tokens_per_second(tokens/sec/user) 13.86

[BENCHMARK] avg_request_queueing_latency(ms) 7.97
[BENCHMARK] max_request_queueing_latency(ms) 9.12
[BENCHMARK] min_request_queueing_latency(ms) 7.31
[BENCHMARK] p99_request_queueing_latency(ms) 9.12
[BENCHMARK] p90_request_queueing_latency(ms) 9.12
[BENCHMARK] p50_request_queueing_latency(ms) 7.49

