[BENCHMARK] num_samples 384
[BENCHMARK] num_error_samples 0

[BENCHMARK] num_samples 384
[BENCHMARK] total_latency(ms) 123981.36
[BENCHMARK] seq_throughput(seq/sec) 3.10
[BENCHMARK] token_throughput(token/sec) 718.56
[BENCHMARK] avg_acceptance_rate(tokens/decoding steps) 1.00

[BENCHMARK] avg_sequence_latency(ms) 41247.79
[BENCHMARK] max_sequence_latency(ms) 41376.38
[BENCHMARK] min_sequence_latency(ms) 41092.05
[BENCHMARK] p99_sequence_latency(ms) 41376.23
[BENCHMARK] p90_sequence_latency(ms) 41340.37
[BENCHMARK] p50_sequence_latency(ms) 41247.18

[BENCHMARK] avg_time_to_first_token(ms) 10109.43
[BENCHMARK] max_time_to_first_token(ms) 10783.89
[BENCHMARK] min_time_to_first_token(ms) 8291.25
[BENCHMARK] p99_time_to_first_token(ms) 10755.44
[BENCHMARK] p90_time_to_first_token(ms) 10628.17
[BENCHMARK] p50_time_to_first_token(ms) 10464.00

[BENCHMARK] avg_inter_token_latency(ms) 134.80
[BENCHMARK] max_inter_token_latency(ms) 142.15
[BENCHMARK] min_inter_token_latency(ms) 132.31
[BENCHMARK] p99_inter_token_latency(ms) 142.15
[BENCHMARK] p90_inter_token_latency(ms) 139.77
[BENCHMARK] p50_inter_token_latency(ms) 133.27

[BENCHMARK] avg_user_tokens_per_second(tokens/sec/user) 7.42
[BENCHMARK] max_user_tokens_per_second(tokens/sec/user) 7.56
[BENCHMARK] min_user_tokens_per_second(tokens/sec/user) 7.03
[BENCHMARK] p99_user_tokens_per_second(tokens/sec/user) 7.55
[BENCHMARK] p90_user_tokens_per_second(tokens/sec/user) 7.52
[BENCHMARK] p50_user_tokens_per_second(tokens/sec/user) 7.50

[BENCHMARK] avg_request_queueing_latency(ms) 26.31
[BENCHMARK] max_request_queueing_latency(ms) 29.28
[BENCHMARK] min_request_queueing_latency(ms) 24.70
[BENCHMARK] p99_request_queueing_latency(ms) 29.28
[BENCHMARK] p90_request_queueing_latency(ms) 29.28
[BENCHMARK] p50_request_queueing_latency(ms) 24.96

