==================================================
            Serving Benchmark Result
==================================================
Successful requests:                     16663     
Benchmark duration (s):                  9766.87   
Total input tokens:                      12710610  
Total generated tokens:                  3872466   
Request throughput (req/s):              1.71      
Output token throughput (tok/s):         396.49    
Total Token throughput (tok/s):          1697.89   
----------------End-to-end Latency----------------
Mean E2EL (ms):                          393168.94 
Median E2EL (ms):                        291301.82 
P10 E2EL (ms):                           139297.47 
P25 E2EL (ms):                           187414.92 
P50 E2EL (ms):                           291301.82 
P75 E2EL (ms):                           621687.91 
P90 E2EL (ms):                           737138.25 
P99 E2EL (ms):                           1011319.80
---------------Time to First Token----------------
Mean TTFT (ms):                          58052.26  
Median TTFT (ms):                        53484.76  
P10 TTFT (ms):                           3296.19   
P25 TTFT (ms):                           18165.88  
P50 TTFT (ms):                           53484.76  
P75 TTFT (ms):                           87764.18  
P90 TTFT (ms):                           120644.18 
P99 TTFT (ms):                           181426.01 
-----Time per Output Token (excl. 1st token)------
Mean TPOT (ms):                          1516.31   
Median TPOT (ms):                        1502.33   
P10 TPOT (ms):                           1148.35   
P25 TPOT (ms):                           1304.21   
P50 TPOT (ms):                           1502.33   
P75 TPOT (ms):                           1716.10   
P90 TPOT (ms):                           1907.52   
P99 TPOT (ms):                           2247.89   
---------------Inter-token Latency----------------
Mean ITL (ms):                           1448.22   
Median ITL (ms):                         575.86    
P10 ITL (ms):                            307.17    
P25 ITL (ms):                            385.69    
P50 ITL (ms):                            575.86    
P75 ITL (ms):                            2180.25   
P90 ITL (ms):                            3533.04   
P99 ITL (ms):                            6355.99   
==================================================