[BENCHMARK] num_samples 12
[BENCHMARK] num_error_samples 0

[BENCHMARK] num_samples 12
[BENCHMARK] total_latency(ms) 41461.74
[BENCHMARK] seq_throughput(seq/sec) 0.29
[BENCHMARK] token_throughput(token/sec) 67.15
[BENCHMARK] avg_acceptance_rate(tokens/decoding steps) 1.00

[BENCHMARK] avg_sequence_latency(ms) 13820.53
[BENCHMARK] max_sequence_latency(ms) 13893.69
[BENCHMARK] min_sequence_latency(ms) 13678.85
[BENCHMARK] p99_sequence_latency(ms) 13893.69
[BENCHMARK] p90_sequence_latency(ms) 13893.69
[BENCHMARK] p50_sequence_latency(ms) 13889.06

[BENCHMARK] avg_time_to_first_token(ms) 843.41
[BENCHMARK] max_time_to_first_token(ms) 914.55
[BENCHMARK] min_time_to_first_token(ms) 701.25
[BENCHMARK] p99_time_to_first_token(ms) 914.55
[BENCHMARK] p90_time_to_first_token(ms) 914.55
[BENCHMARK] p50_time_to_first_token(ms) 914.43

[BENCHMARK] avg_inter_token_latency(ms) 56.18
[BENCHMARK] max_inter_token_latency(ms) 56.19
[BENCHMARK] min_inter_token_latency(ms) 56.17
[BENCHMARK] p99_inter_token_latency(ms) 56.19
[BENCHMARK] p90_inter_token_latency(ms) 56.19
[BENCHMARK] p50_inter_token_latency(ms) 56.18

[BENCHMARK] avg_user_tokens_per_second(tokens/sec/user) 17.80
[BENCHMARK] max_user_tokens_per_second(tokens/sec/user) 17.80
[BENCHMARK] min_user_tokens_per_second(tokens/sec/user) 17.80
[BENCHMARK] p99_user_tokens_per_second(tokens/sec/user) 17.80
[BENCHMARK] p90_user_tokens_per_second(tokens/sec/user) 17.80
[BENCHMARK] p50_user_tokens_per_second(tokens/sec/user) 17.80

[BENCHMARK] avg_request_queueing_latency(ms) 1.07
[BENCHMARK] max_request_queueing_latency(ms) 1.28
[BENCHMARK] min_request_queueing_latency(ms) 0.92
[BENCHMARK] p99_request_queueing_latency(ms) 1.28
[BENCHMARK] p90_request_queueing_latency(ms) 1.28
[BENCHMARK] p50_request_queueing_latency(ms) 1.00

