[BENCHMARK] num_samples 192
[BENCHMARK] num_error_samples 0

[BENCHMARK] num_samples 192
[BENCHMARK] total_latency(ms) 36898.52
[BENCHMARK] seq_throughput(seq/sec) 5.20
[BENCHMARK] token_throughput(token/sec) 1207.20
[BENCHMARK] avg_acceptance_rate(tokens/decoding steps) 1.00

[BENCHMARK] avg_sequence_latency(ms) 12227.07
[BENCHMARK] max_sequence_latency(ms) 12326.73
[BENCHMARK] min_sequence_latency(ms) 12105.34
[BENCHMARK] p99_sequence_latency(ms) 12326.73
[BENCHMARK] p90_sequence_latency(ms) 12314.86
[BENCHMARK] p50_sequence_latency(ms) 12229.08

[BENCHMARK] avg_time_to_first_token(ms) 2829.83
[BENCHMARK] max_time_to_first_token(ms) 4845.86
[BENCHMARK] min_time_to_first_token(ms) 748.27
[BENCHMARK] p99_time_to_first_token(ms) 4845.86
[BENCHMARK] p90_time_to_first_token(ms) 4841.75
[BENCHMARK] p50_time_to_first_token(ms) 2421.40

[BENCHMARK] avg_inter_token_latency(ms) 40.68
[BENCHMARK] max_inter_token_latency(ms) 49.23
[BENCHMARK] min_inter_token_latency(ms) 32.33
[BENCHMARK] p99_inter_token_latency(ms) 49.23
[BENCHMARK] p90_inter_token_latency(ms) 49.17
[BENCHMARK] p50_inter_token_latency(ms) 39.15

[BENCHMARK] avg_user_tokens_per_second(tokens/sec/user) 25.09
[BENCHMARK] max_user_tokens_per_second(tokens/sec/user) 30.93
[BENCHMARK] min_user_tokens_per_second(tokens/sec/user) 20.31
[BENCHMARK] p99_user_tokens_per_second(tokens/sec/user) 30.93
[BENCHMARK] p90_user_tokens_per_second(tokens/sec/user) 30.91
[BENCHMARK] p50_user_tokens_per_second(tokens/sec/user) 23.56

[BENCHMARK] avg_request_queueing_latency(ms) 1.65
[BENCHMARK] max_request_queueing_latency(ms) 2.36
[BENCHMARK] min_request_queueing_latency(ms) 1.28
[BENCHMARK] p99_request_queueing_latency(ms) 2.36
[BENCHMARK] p90_request_queueing_latency(ms) 2.36
[BENCHMARK] p50_request_queueing_latency(ms) 1.31

