[BENCHMARK] num_samples 6
[BENCHMARK] num_error_samples 0

[BENCHMARK] num_samples 6
[BENCHMARK] total_latency(ms) 39397.39
[BENCHMARK] seq_throughput(seq/sec) 0.15
[BENCHMARK] token_throughput(token/sec) 35.33
[BENCHMARK] avg_acceptance_rate(tokens/decoding steps) 1.00

[BENCHMARK] avg_sequence_latency(ms) 13132.43
[BENCHMARK] max_sequence_latency(ms) 13203.07
[BENCHMARK] min_sequence_latency(ms) 12992.06
[BENCHMARK] p99_sequence_latency(ms) 13203.07
[BENCHMARK] p90_sequence_latency(ms) 13203.07
[BENCHMARK] p50_sequence_latency(ms) 13202.15

[BENCHMARK] avg_time_to_first_token(ms) 402.62
[BENCHMARK] max_time_to_first_token(ms) 473.81
[BENCHMARK] min_time_to_first_token(ms) 261.61
[BENCHMARK] p99_time_to_first_token(ms) 473.81
[BENCHMARK] p90_time_to_first_token(ms) 473.81
[BENCHMARK] p50_time_to_first_token(ms) 472.42

[BENCHMARK] avg_inter_token_latency(ms) 55.11
[BENCHMARK] max_inter_token_latency(ms) 55.11
[BENCHMARK] min_inter_token_latency(ms) 55.10
[BENCHMARK] p99_inter_token_latency(ms) 55.11
[BENCHMARK] p90_inter_token_latency(ms) 55.11
[BENCHMARK] p50_inter_token_latency(ms) 55.11

[BENCHMARK] avg_user_tokens_per_second(tokens/sec/user) 18.15
[BENCHMARK] max_user_tokens_per_second(tokens/sec/user) 18.15
[BENCHMARK] min_user_tokens_per_second(tokens/sec/user) 18.15
[BENCHMARK] p99_user_tokens_per_second(tokens/sec/user) 18.15
[BENCHMARK] p90_user_tokens_per_second(tokens/sec/user) 18.15
[BENCHMARK] p50_user_tokens_per_second(tokens/sec/user) 18.15

[BENCHMARK] avg_request_queueing_latency(ms) 0.68
[BENCHMARK] max_request_queueing_latency(ms) 0.72
[BENCHMARK] min_request_queueing_latency(ms) 0.62
[BENCHMARK] p99_request_queueing_latency(ms) 0.72
[BENCHMARK] p90_request_queueing_latency(ms) 0.72
[BENCHMARK] p50_request_queueing_latency(ms) 0.68

