[BENCHMARK] num_samples 24
[BENCHMARK] num_error_samples 0

[BENCHMARK] num_samples 24
[BENCHMARK] total_latency(ms) 19418.67
[BENCHMARK] seq_throughput(seq/sec) 1.24
[BENCHMARK] token_throughput(token/sec) 286.73
[BENCHMARK] avg_acceptance_rate(tokens/decoding steps) 1.00

[BENCHMARK] avg_sequence_latency(ms) 6472.84
[BENCHMARK] max_sequence_latency(ms) 6515.90
[BENCHMARK] min_sequence_latency(ms) 6410.56
[BENCHMARK] p99_sequence_latency(ms) 6515.90
[BENCHMARK] p90_sequence_latency(ms) 6515.90
[BENCHMARK] p50_sequence_latency(ms) 6492.05

[BENCHMARK] avg_time_to_first_token(ms) 591.46
[BENCHMARK] max_time_to_first_token(ms) 618.93
[BENCHMARK] min_time_to_first_token(ms) 536.81
[BENCHMARK] p99_time_to_first_token(ms) 618.93
[BENCHMARK] p90_time_to_first_token(ms) 618.93
[BENCHMARK] p50_time_to_first_token(ms) 618.64

[BENCHMARK] avg_inter_token_latency(ms) 25.46
[BENCHMARK] max_inter_token_latency(ms) 25.53
[BENCHMARK] min_inter_token_latency(ms) 25.42
[BENCHMARK] p99_inter_token_latency(ms) 25.53
[BENCHMARK] p90_inter_token_latency(ms) 25.53
[BENCHMARK] p50_inter_token_latency(ms) 25.43

[BENCHMARK] avg_user_tokens_per_second(tokens/sec/user) 39.28
[BENCHMARK] max_user_tokens_per_second(tokens/sec/user) 39.33
[BENCHMARK] min_user_tokens_per_second(tokens/sec/user) 39.17
[BENCHMARK] p99_user_tokens_per_second(tokens/sec/user) 39.33
[BENCHMARK] p90_user_tokens_per_second(tokens/sec/user) 39.33
[BENCHMARK] p50_user_tokens_per_second(tokens/sec/user) 39.33

[BENCHMARK] avg_request_queueing_latency(ms) 0.42
[BENCHMARK] max_request_queueing_latency(ms) 0.67
[BENCHMARK] min_request_queueing_latency(ms) 0.29
[BENCHMARK] p99_request_queueing_latency(ms) 0.67
[BENCHMARK] p90_request_queueing_latency(ms) 0.67
[BENCHMARK] p50_request_queueing_latency(ms) 0.31

