[BENCHMARK] num_samples 96
[BENCHMARK] num_error_samples 0

[BENCHMARK] num_samples 96
[BENCHMARK] total_latency(ms) 27759.54
[BENCHMARK] seq_throughput(seq/sec) 3.46
[BENCHMARK] token_throughput(token/sec) 802.32
[BENCHMARK] avg_acceptance_rate(tokens/decoding steps) 1.00

[BENCHMARK] avg_sequence_latency(ms) 9226.18
[BENCHMARK] max_sequence_latency(ms) 9276.23
[BENCHMARK] min_sequence_latency(ms) 9153.13
[BENCHMARK] p99_sequence_latency(ms) 9276.23
[BENCHMARK] p90_sequence_latency(ms) 9276.23
[BENCHMARK] p50_sequence_latency(ms) 9220.09

[BENCHMARK] avg_time_to_first_token(ms) 1617.08
[BENCHMARK] max_time_to_first_token(ms) 2417.29
[BENCHMARK] min_time_to_first_token(ms) 746.92
[BENCHMARK] p99_time_to_first_token(ms) 2417.29
[BENCHMARK] p90_time_to_first_token(ms) 2417.29
[BENCHMARK] p50_time_to_first_token(ms) 1610.35

[BENCHMARK] avg_inter_token_latency(ms) 32.94
[BENCHMARK] max_inter_token_latency(ms) 36.42
[BENCHMARK] min_inter_token_latency(ms) 29.66
[BENCHMARK] p99_inter_token_latency(ms) 36.42
[BENCHMARK] p90_inter_token_latency(ms) 36.42
[BENCHMARK] p50_inter_token_latency(ms) 33.05

[BENCHMARK] avg_user_tokens_per_second(tokens/sec/user) 30.57
[BENCHMARK] max_user_tokens_per_second(tokens/sec/user) 33.71
[BENCHMARK] min_user_tokens_per_second(tokens/sec/user) 27.46
[BENCHMARK] p99_user_tokens_per_second(tokens/sec/user) 33.71
[BENCHMARK] p90_user_tokens_per_second(tokens/sec/user) 33.71
[BENCHMARK] p50_user_tokens_per_second(tokens/sec/user) 30.25

[BENCHMARK] avg_request_queueing_latency(ms) 1.14
[BENCHMARK] max_request_queueing_latency(ms) 1.69
[BENCHMARK] min_request_queueing_latency(ms) 0.78
[BENCHMARK] p99_request_queueing_latency(ms) 1.69
[BENCHMARK] p90_request_queueing_latency(ms) 1.69
[BENCHMARK] p50_request_queueing_latency(ms) 0.96

