[BENCHMARK] num_samples 48
[BENCHMARK] num_error_samples 0

[BENCHMARK] num_samples 48
[BENCHMARK] total_latency(ms) 91515.98
[BENCHMARK] seq_throughput(seq/sec) 0.52
[BENCHMARK] token_throughput(token/sec) 121.68
[BENCHMARK] avg_acceptance_rate(tokens/decoding steps) 1.00

[BENCHMARK] avg_sequence_latency(ms) 30451.66
[BENCHMARK] max_sequence_latency(ms) 30642.44
[BENCHMARK] min_sequence_latency(ms) 30164.76
[BENCHMARK] p99_sequence_latency(ms) 30642.44
[BENCHMARK] p90_sequence_latency(ms) 30642.31
[BENCHMARK] p50_sequence_latency(ms) 30537.14

[BENCHMARK] avg_time_to_first_token(ms) 4544.28
[BENCHMARK] max_time_to_first_token(ms) 4762.31
[BENCHMARK] min_time_to_first_token(ms) 4278.96
[BENCHMARK] p99_time_to_first_token(ms) 4762.31
[BENCHMARK] p90_time_to_first_token(ms) 4681.46
[BENCHMARK] p50_time_to_first_token(ms) 4654.25

[BENCHMARK] avg_inter_token_latency(ms) 112.15
[BENCHMARK] max_inter_token_latency(ms) 112.38
[BENCHMARK] min_inter_token_latency(ms) 111.96
[BENCHMARK] p99_inter_token_latency(ms) 112.38
[BENCHMARK] p90_inter_token_latency(ms) 112.38
[BENCHMARK] p50_inter_token_latency(ms) 112.12

[BENCHMARK] avg_user_tokens_per_second(tokens/sec/user) 8.92
[BENCHMARK] max_user_tokens_per_second(tokens/sec/user) 8.93
[BENCHMARK] min_user_tokens_per_second(tokens/sec/user) 8.90
[BENCHMARK] p99_user_tokens_per_second(tokens/sec/user) 8.93
[BENCHMARK] p90_user_tokens_per_second(tokens/sec/user) 8.92
[BENCHMARK] p50_user_tokens_per_second(tokens/sec/user) 8.92

[BENCHMARK] avg_request_queueing_latency(ms) 3.63
[BENCHMARK] max_request_queueing_latency(ms) 3.98
[BENCHMARK] min_request_queueing_latency(ms) 3.45
[BENCHMARK] p99_request_queueing_latency(ms) 3.98
[BENCHMARK] p90_request_queueing_latency(ms) 3.98
[BENCHMARK] p50_request_queueing_latency(ms) 3.47

