[BENCHMARK] num_samples 384
[BENCHMARK] num_error_samples 0

[BENCHMARK] num_samples 384
[BENCHMARK] total_latency(ms) 61269.82
[BENCHMARK] seq_throughput(seq/sec) 6.27
[BENCHMARK] token_throughput(token/sec) 1454.03
[BENCHMARK] avg_acceptance_rate(tokens/decoding steps) 1.00

[BENCHMARK] avg_sequence_latency(ms) 20308.35
[BENCHMARK] max_sequence_latency(ms) 20455.34
[BENCHMARK] min_sequence_latency(ms) 20138.25
[BENCHMARK] p99_sequence_latency(ms) 20455.24
[BENCHMARK] p90_sequence_latency(ms) 20418.75
[BENCHMARK] p50_sequence_latency(ms) 20307.89

[BENCHMARK] avg_time_to_first_token(ms) 5636.87
[BENCHMARK] max_time_to_first_token(ms) 8740.92
[BENCHMARK] min_time_to_first_token(ms) 1949.79
[BENCHMARK] p99_time_to_first_token(ms) 8715.84
[BENCHMARK] p90_time_to_first_token(ms) 8631.64
[BENCHMARK] p50_time_to_first_token(ms) 5336.52

[BENCHMARK] avg_inter_token_latency(ms) 63.51
[BENCHMARK] max_inter_token_latency(ms) 78.85
[BENCHMARK] min_inter_token_latency(ms) 50.62
[BENCHMARK] p99_inter_token_latency(ms) 78.85
[BENCHMARK] p90_inter_token_latency(ms) 76.07
[BENCHMARK] p50_inter_token_latency(ms) 62.12

[BENCHMARK] avg_user_tokens_per_second(tokens/sec/user) 16.09
[BENCHMARK] max_user_tokens_per_second(tokens/sec/user) 19.75
[BENCHMARK] min_user_tokens_per_second(tokens/sec/user) 12.68
[BENCHMARK] p99_user_tokens_per_second(tokens/sec/user) 19.71
[BENCHMARK] p90_user_tokens_per_second(tokens/sec/user) 19.60
[BENCHMARK] p50_user_tokens_per_second(tokens/sec/user) 15.43

[BENCHMARK] avg_request_queueing_latency(ms) 9.18
[BENCHMARK] max_request_queueing_latency(ms) 10.09
[BENCHMARK] min_request_queueing_latency(ms) 8.71
[BENCHMARK] p99_request_queueing_latency(ms) 10.09
[BENCHMARK] p90_request_queueing_latency(ms) 10.09
[BENCHMARK] p50_request_queueing_latency(ms) 8.74

