[BENCHMARK] num_samples 12
[BENCHMARK] num_error_samples 0

[BENCHMARK] num_samples 12
[BENCHMARK] total_latency(ms) 23894.36
[BENCHMARK] seq_throughput(seq/sec) 0.50
[BENCHMARK] token_throughput(token/sec) 116.51
[BENCHMARK] avg_acceptance_rate(tokens/decoding steps) 1.00

[BENCHMARK] avg_sequence_latency(ms) 7964.75
[BENCHMARK] max_sequence_latency(ms) 8006.19
[BENCHMARK] min_sequence_latency(ms) 7883.30
[BENCHMARK] p99_sequence_latency(ms) 8006.19
[BENCHMARK] p90_sequence_latency(ms) 8006.19
[BENCHMARK] p50_sequence_latency(ms) 8004.78

[BENCHMARK] avg_time_to_first_token(ms) 487.60
[BENCHMARK] max_time_to_first_token(ms) 527.86
[BENCHMARK] min_time_to_first_token(ms) 407.10
[BENCHMARK] p99_time_to_first_token(ms) 527.86
[BENCHMARK] p90_time_to_first_token(ms) 527.86
[BENCHMARK] p50_time_to_first_token(ms) 527.83

[BENCHMARK] avg_inter_token_latency(ms) 32.37
[BENCHMARK] max_inter_token_latency(ms) 32.37
[BENCHMARK] min_inter_token_latency(ms) 32.36
[BENCHMARK] p99_inter_token_latency(ms) 32.37
[BENCHMARK] p90_inter_token_latency(ms) 32.37
[BENCHMARK] p50_inter_token_latency(ms) 32.37

[BENCHMARK] avg_user_tokens_per_second(tokens/sec/user) 30.89
[BENCHMARK] max_user_tokens_per_second(tokens/sec/user) 30.90
[BENCHMARK] min_user_tokens_per_second(tokens/sec/user) 30.89
[BENCHMARK] p99_user_tokens_per_second(tokens/sec/user) 30.90
[BENCHMARK] p90_user_tokens_per_second(tokens/sec/user) 30.90
[BENCHMARK] p50_user_tokens_per_second(tokens/sec/user) 30.89

[BENCHMARK] avg_request_queueing_latency(ms) 0.67
[BENCHMARK] max_request_queueing_latency(ms) 0.85
[BENCHMARK] min_request_queueing_latency(ms) 0.52
[BENCHMARK] p99_request_queueing_latency(ms) 0.85
[BENCHMARK] p90_request_queueing_latency(ms) 0.85
[BENCHMARK] p50_request_queueing_latency(ms) 0.64

