[BENCHMARK] num_samples 16
[BENCHMARK] num_error_samples 0

[BENCHMARK] num_samples 16
[BENCHMARK] total_latency(ms) 113439.34
[BENCHMARK] seq_throughput(seq/sec) 0.14
[BENCHMARK] token_throughput(token/sec) 32.72
[BENCHMARK] avg_acceptance_rate(tokens/decoding steps) 1.00

[BENCHMARK] avg_sequence_latency(ms) 56719.54
[BENCHMARK] max_sequence_latency(ms) 57744.58
[BENCHMARK] min_sequence_latency(ms) 55694.50
[BENCHMARK] p99_sequence_latency(ms) 57744.58
[BENCHMARK] p90_sequence_latency(ms) 57744.58
[BENCHMARK] p50_sequence_latency(ms) 55694.50

[BENCHMARK] avg_time_to_first_token(ms) 15322.47
[BENCHMARK] max_time_to_first_token(ms) 16357.29
[BENCHMARK] min_time_to_first_token(ms) 14287.66
[BENCHMARK] p99_time_to_first_token(ms) 16357.29
[BENCHMARK] p90_time_to_first_token(ms) 16357.29
[BENCHMARK] p50_time_to_first_token(ms) 14287.66

[BENCHMARK] avg_inter_token_latency(ms) 179.21
[BENCHMARK] max_inter_token_latency(ms) 179.25
[BENCHMARK] min_inter_token_latency(ms) 179.17
[BENCHMARK] p99_inter_token_latency(ms) 179.25
[BENCHMARK] p90_inter_token_latency(ms) 179.25
[BENCHMARK] p50_inter_token_latency(ms) 179.17

[BENCHMARK] avg_user_tokens_per_second(tokens/sec/user) 5.58
[BENCHMARK] max_user_tokens_per_second(tokens/sec/user) 5.58
[BENCHMARK] min_user_tokens_per_second(tokens/sec/user) 5.58
[BENCHMARK] p99_user_tokens_per_second(tokens/sec/user) 5.58
[BENCHMARK] p90_user_tokens_per_second(tokens/sec/user) 5.58
[BENCHMARK] p50_user_tokens_per_second(tokens/sec/user) 5.58

[BENCHMARK] avg_request_queueing_latency(ms) 2.46
[BENCHMARK] max_request_queueing_latency(ms) 2.91
[BENCHMARK] min_request_queueing_latency(ms) 2.00
[BENCHMARK] p99_request_queueing_latency(ms) 2.91
[BENCHMARK] p90_request_queueing_latency(ms) 2.91
[BENCHMARK] p50_request_queueing_latency(ms) 2.00

