[BENCHMARK] num_samples 16
[BENCHMARK] num_error_samples 0

[BENCHMARK] num_samples 16
[BENCHMARK] total_latency(ms) 40883.41
[BENCHMARK] seq_throughput(seq/sec) 0.39
[BENCHMARK] token_throughput(token/sec) 90.79
[BENCHMARK] avg_acceptance_rate(tokens/decoding steps) 1.00

[BENCHMARK] avg_sequence_latency(ms) 20441.56
[BENCHMARK] max_sequence_latency(ms) 20655.30
[BENCHMARK] min_sequence_latency(ms) 20227.82
[BENCHMARK] p99_sequence_latency(ms) 20655.30
[BENCHMARK] p90_sequence_latency(ms) 20655.30
[BENCHMARK] p50_sequence_latency(ms) 20227.82

[BENCHMARK] avg_time_to_first_token(ms) 5377.98
[BENCHMARK] max_time_to_first_token(ms) 5592.71
[BENCHMARK] min_time_to_first_token(ms) 5163.25
[BENCHMARK] p99_time_to_first_token(ms) 5592.71
[BENCHMARK] p90_time_to_first_token(ms) 5592.71
[BENCHMARK] p50_time_to_first_token(ms) 5163.25

[BENCHMARK] avg_inter_token_latency(ms) 65.21
[BENCHMARK] max_inter_token_latency(ms) 65.21
[BENCHMARK] min_inter_token_latency(ms) 65.21
[BENCHMARK] p99_inter_token_latency(ms) 65.21
[BENCHMARK] p90_inter_token_latency(ms) 65.21
[BENCHMARK] p50_inter_token_latency(ms) 65.21

[BENCHMARK] avg_user_tokens_per_second(tokens/sec/user) 15.34
[BENCHMARK] max_user_tokens_per_second(tokens/sec/user) 15.34
[BENCHMARK] min_user_tokens_per_second(tokens/sec/user) 15.33
[BENCHMARK] p99_user_tokens_per_second(tokens/sec/user) 15.34
[BENCHMARK] p90_user_tokens_per_second(tokens/sec/user) 15.34
[BENCHMARK] p50_user_tokens_per_second(tokens/sec/user) 15.33

[BENCHMARK] avg_request_queueing_latency(ms) 1.23
[BENCHMARK] max_request_queueing_latency(ms) 1.38
[BENCHMARK] min_request_queueing_latency(ms) 1.09
[BENCHMARK] p99_request_queueing_latency(ms) 1.38
[BENCHMARK] p90_request_queueing_latency(ms) 1.38
[BENCHMARK] p50_request_queueing_latency(ms) 1.09

