[BENCHMARK] num_samples 8
[BENCHMARK] num_error_samples 0

[BENCHMARK] num_samples 8
[BENCHMARK] total_latency(ms) 24917.20
[BENCHMARK] seq_throughput(seq/sec) 0.32
[BENCHMARK] token_throughput(token/sec) 74.49
[BENCHMARK] avg_acceptance_rate(tokens/decoding steps) 1.00

[BENCHMARK] avg_sequence_latency(ms) 12458.55
[BENCHMARK] max_sequence_latency(ms) 12927.69
[BENCHMARK] min_sequence_latency(ms) 11989.40
[BENCHMARK] p99_sequence_latency(ms) 12927.69
[BENCHMARK] p90_sequence_latency(ms) 12927.69
[BENCHMARK] p50_sequence_latency(ms) 11989.40

[BENCHMARK] avg_time_to_first_token(ms) 3766.22
[BENCHMARK] max_time_to_first_token(ms) 4238.33
[BENCHMARK] min_time_to_first_token(ms) 3294.12
[BENCHMARK] p99_time_to_first_token(ms) 4238.33
[BENCHMARK] p90_time_to_first_token(ms) 4238.33
[BENCHMARK] p50_time_to_first_token(ms) 3294.12

[BENCHMARK] avg_inter_token_latency(ms) 37.63
[BENCHMARK] max_inter_token_latency(ms) 37.64
[BENCHMARK] min_inter_token_latency(ms) 37.62
[BENCHMARK] p99_inter_token_latency(ms) 37.64
[BENCHMARK] p90_inter_token_latency(ms) 37.64
[BENCHMARK] p50_inter_token_latency(ms) 37.62

[BENCHMARK] avg_user_tokens_per_second(tokens/sec/user) 26.58
[BENCHMARK] max_user_tokens_per_second(tokens/sec/user) 26.58
[BENCHMARK] min_user_tokens_per_second(tokens/sec/user) 26.57
[BENCHMARK] p99_user_tokens_per_second(tokens/sec/user) 26.58
[BENCHMARK] p90_user_tokens_per_second(tokens/sec/user) 26.58
[BENCHMARK] p50_user_tokens_per_second(tokens/sec/user) 26.57

[BENCHMARK] avg_request_queueing_latency(ms) 0.54
[BENCHMARK] max_request_queueing_latency(ms) 0.79
[BENCHMARK] min_request_queueing_latency(ms) 0.30
[BENCHMARK] p99_request_queueing_latency(ms) 0.79
[BENCHMARK] p90_request_queueing_latency(ms) 0.79
[BENCHMARK] p50_request_queueing_latency(ms) 0.30

