[BENCHMARK] num_samples 128
[BENCHMARK] num_error_samples 0

[BENCHMARK] num_samples 128
[BENCHMARK] total_latency(ms) 100565.23
[BENCHMARK] seq_throughput(seq/sec) 1.27
[BENCHMARK] token_throughput(token/sec) 295.29
[BENCHMARK] avg_acceptance_rate(tokens/decoding steps) 1.00

[BENCHMARK] avg_sequence_latency(ms) 50217.39
[BENCHMARK] max_sequence_latency(ms) 50539.86
[BENCHMARK] min_sequence_latency(ms) 49882.44
[BENCHMARK] p99_sequence_latency(ms) 50539.80
[BENCHMARK] p90_sequence_latency(ms) 50539.69
[BENCHMARK] p50_sequence_latency(ms) 50024.27

[BENCHMARK] avg_time_to_first_token(ms) 17802.29
[BENCHMARK] max_time_to_first_token(ms) 19261.54
[BENCHMARK] min_time_to_first_token(ms) 14429.45
[BENCHMARK] p99_time_to_first_token(ms) 19230.96
[BENCHMARK] p90_time_to_first_token(ms) 19165.00
[BENCHMARK] p50_time_to_first_token(ms) 18452.70

[BENCHMARK] avg_inter_token_latency(ms) 140.33
[BENCHMARK] max_inter_token_latency(ms) 153.64
[BENCHMARK] min_inter_token_latency(ms) 135.40
[BENCHMARK] p99_inter_token_latency(ms) 153.64
[BENCHMARK] p90_inter_token_latency(ms) 153.48
[BENCHMARK] p50_inter_token_latency(ms) 136.79

[BENCHMARK] avg_user_tokens_per_second(tokens/sec/user) 7.14
[BENCHMARK] max_user_tokens_per_second(tokens/sec/user) 7.39
[BENCHMARK] min_user_tokens_per_second(tokens/sec/user) 6.51
[BENCHMARK] p99_user_tokens_per_second(tokens/sec/user) 7.39
[BENCHMARK] p90_user_tokens_per_second(tokens/sec/user) 7.36
[BENCHMARK] p50_user_tokens_per_second(tokens/sec/user) 7.31

[BENCHMARK] avg_request_queueing_latency(ms) 7.84
[BENCHMARK] max_request_queueing_latency(ms) 9.11
[BENCHMARK] min_request_queueing_latency(ms) 6.57
[BENCHMARK] p99_request_queueing_latency(ms) 9.11
[BENCHMARK] p90_request_queueing_latency(ms) 9.11
[BENCHMARK] p50_request_queueing_latency(ms) 6.57

