[BENCHMARK] num_samples 4
[BENCHMARK] num_error_samples 0

[BENCHMARK] num_samples 4
[BENCHMARK] total_latency(ms) 18484.68
[BENCHMARK] seq_throughput(seq/sec) 0.22
[BENCHMARK] token_throughput(token/sec) 50.20
[BENCHMARK] avg_acceptance_rate(tokens/decoding steps) 1.00

[BENCHMARK] avg_sequence_latency(ms) 9242.31
[BENCHMARK] max_sequence_latency(ms) 9750.74
[BENCHMARK] min_sequence_latency(ms) 8733.89
[BENCHMARK] p99_sequence_latency(ms) 9750.74
[BENCHMARK] p90_sequence_latency(ms) 9750.74
[BENCHMARK] p50_sequence_latency(ms) 8733.89

[BENCHMARK] avg_time_to_first_token(ms) 1583.56
[BENCHMARK] max_time_to_first_token(ms) 2100.09
[BENCHMARK] min_time_to_first_token(ms) 1067.03
[BENCHMARK] p99_time_to_first_token(ms) 2100.09
[BENCHMARK] p90_time_to_first_token(ms) 2100.09
[BENCHMARK] p50_time_to_first_token(ms) 1067.03

[BENCHMARK] avg_inter_token_latency(ms) 33.15
[BENCHMARK] max_inter_token_latency(ms) 33.19
[BENCHMARK] min_inter_token_latency(ms) 33.12
[BENCHMARK] p99_inter_token_latency(ms) 33.19
[BENCHMARK] p90_inter_token_latency(ms) 33.19
[BENCHMARK] p50_inter_token_latency(ms) 33.12

[BENCHMARK] avg_user_tokens_per_second(tokens/sec/user) 30.16
[BENCHMARK] max_user_tokens_per_second(tokens/sec/user) 30.19
[BENCHMARK] min_user_tokens_per_second(tokens/sec/user) 30.13
[BENCHMARK] p99_user_tokens_per_second(tokens/sec/user) 30.19
[BENCHMARK] p90_user_tokens_per_second(tokens/sec/user) 30.19
[BENCHMARK] p50_user_tokens_per_second(tokens/sec/user) 30.13

[BENCHMARK] avg_request_queueing_latency(ms) 0.10
[BENCHMARK] max_request_queueing_latency(ms) 0.13
[BENCHMARK] min_request_queueing_latency(ms) 0.07
[BENCHMARK] p99_request_queueing_latency(ms) 0.13
[BENCHMARK] p90_request_queueing_latency(ms) 0.13
[BENCHMARK] p50_request_queueing_latency(ms) 0.07

