[BENCHMARK] num_samples 64
[BENCHMARK] num_error_samples 0

[BENCHMARK] num_samples 64
[BENCHMARK] total_latency(ms) 109902.52
[BENCHMARK] seq_throughput(seq/sec) 0.58
[BENCHMARK] token_throughput(token/sec) 135.10
[BENCHMARK] avg_acceptance_rate(tokens/decoding steps) 1.00

[BENCHMARK] avg_sequence_latency(ms) 54890.37
[BENCHMARK] max_sequence_latency(ms) 55057.91
[BENCHMARK] min_sequence_latency(ms) 54681.56
[BENCHMARK] p99_sequence_latency(ms) 55057.91
[BENCHMARK] p90_sequence_latency(ms) 55057.71
[BENCHMARK] p50_sequence_latency(ms) 54844.08

[BENCHMARK] avg_time_to_first_token(ms) 7414.08
[BENCHMARK] max_time_to_first_token(ms) 7717.77
[BENCHMARK] min_time_to_first_token(ms) 7254.20
[BENCHMARK] p99_time_to_first_token(ms) 7717.77
[BENCHMARK] p90_time_to_first_token(ms) 7550.30
[BENCHMARK] p50_time_to_first_token(ms) 7473.89

[BENCHMARK] avg_inter_token_latency(ms) 205.53
[BENCHMARK] max_inter_token_latency(ms) 205.72
[BENCHMARK] min_inter_token_latency(ms) 204.94
[BENCHMARK] p99_inter_token_latency(ms) 205.72
[BENCHMARK] p90_inter_token_latency(ms) 205.72
[BENCHMARK] p50_inter_token_latency(ms) 205.66

[BENCHMARK] avg_user_tokens_per_second(tokens/sec/user) 4.87
[BENCHMARK] max_user_tokens_per_second(tokens/sec/user) 4.88
[BENCHMARK] min_user_tokens_per_second(tokens/sec/user) 4.86
[BENCHMARK] p99_user_tokens_per_second(tokens/sec/user) 4.88
[BENCHMARK] p90_user_tokens_per_second(tokens/sec/user) 4.87
[BENCHMARK] p50_user_tokens_per_second(tokens/sec/user) 4.86

[BENCHMARK] avg_request_queueing_latency(ms) 6.56
[BENCHMARK] max_request_queueing_latency(ms) 7.22
[BENCHMARK] min_request_queueing_latency(ms) 5.89
[BENCHMARK] p99_request_queueing_latency(ms) 7.22
[BENCHMARK] p90_request_queueing_latency(ms) 7.22
[BENCHMARK] p50_request_queueing_latency(ms) 5.89

