[BENCHMARK] num_samples 20
[BENCHMARK] num_error_samples 0

[BENCHMARK] num_samples 20
[BENCHMARK] total_latency(ms) 184335.14
[BENCHMARK] seq_throughput(seq/sec) 0.11
[BENCHMARK] token_throughput(token/sec) 25.17
[BENCHMARK] avg_acceptance_rate(tokens/decoding steps) 1.00

[BENCHMARK] avg_sequence_latency(ms) 18433.48
[BENCHMARK] max_sequence_latency(ms) 18799.94
[BENCHMARK] min_sequence_latency(ms) 15277.83
[BENCHMARK] p99_sequence_latency(ms) 18799.94
[BENCHMARK] p90_sequence_latency(ms) 18788.00
[BENCHMARK] p50_sequence_latency(ms) 18780.12

[BENCHMARK] avg_time_to_first_token(ms) 6943.55
[BENCHMARK] max_time_to_first_token(ms) 7302.03
[BENCHMARK] min_time_to_first_token(ms) 3805.25
[BENCHMARK] p99_time_to_first_token(ms) 7302.03
[BENCHMARK] p90_time_to_first_token(ms) 7294.81
[BENCHMARK] p50_time_to_first_token(ms) 7290.96

[BENCHMARK] avg_inter_token_latency(ms) 49.74
[BENCHMARK] max_inter_token_latency(ms) 49.77
[BENCHMARK] min_inter_token_latency(ms) 49.66
[BENCHMARK] p99_inter_token_latency(ms) 49.77
[BENCHMARK] p90_inter_token_latency(ms) 49.77
[BENCHMARK] p50_inter_token_latency(ms) 49.74

[BENCHMARK] avg_user_tokens_per_second(tokens/sec/user) 20.10
[BENCHMARK] max_user_tokens_per_second(tokens/sec/user) 20.13
[BENCHMARK] min_user_tokens_per_second(tokens/sec/user) 20.09
[BENCHMARK] p99_user_tokens_per_second(tokens/sec/user) 20.13
[BENCHMARK] p90_user_tokens_per_second(tokens/sec/user) 20.12
[BENCHMARK] p50_user_tokens_per_second(tokens/sec/user) 20.10

[BENCHMARK] avg_request_queueing_latency(ms) 0.10
[BENCHMARK] max_request_queueing_latency(ms) 0.13
[BENCHMARK] min_request_queueing_latency(ms) 0.09
[BENCHMARK] p99_request_queueing_latency(ms) 0.13
[BENCHMARK] p90_request_queueing_latency(ms) 0.11
[BENCHMARK] p50_request_queueing_latency(ms) 0.09

