[BENCHMARK] num_samples 16
[BENCHMARK] num_error_samples 0

[BENCHMARK] num_samples 16
[BENCHMARK] total_latency(ms) 167271.09
[BENCHMARK] seq_throughput(seq/sec) 0.10
[BENCHMARK] token_throughput(token/sec) 22.19
[BENCHMARK] avg_acceptance_rate(tokens/decoding steps) 1.00

[BENCHMARK] avg_sequence_latency(ms) 83635.38
[BENCHMARK] max_sequence_latency(ms) 84507.72
[BENCHMARK] min_sequence_latency(ms) 82763.02
[BENCHMARK] p99_sequence_latency(ms) 84507.72
[BENCHMARK] p90_sequence_latency(ms) 84507.72
[BENCHMARK] p50_sequence_latency(ms) 82763.02

[BENCHMARK] avg_time_to_first_token(ms) 12253.08
[BENCHMARK] max_time_to_first_token(ms) 13124.74
[BENCHMARK] min_time_to_first_token(ms) 11381.40
[BENCHMARK] p99_time_to_first_token(ms) 13124.74
[BENCHMARK] p90_time_to_first_token(ms) 13124.74
[BENCHMARK] p50_time_to_first_token(ms) 11381.40

[BENCHMARK] avg_inter_token_latency(ms) 309.01
[BENCHMARK] max_inter_token_latency(ms) 309.02
[BENCHMARK] min_inter_token_latency(ms) 309.01
[BENCHMARK] p99_inter_token_latency(ms) 309.02
[BENCHMARK] p90_inter_token_latency(ms) 309.02
[BENCHMARK] p50_inter_token_latency(ms) 309.01

[BENCHMARK] avg_user_tokens_per_second(tokens/sec/user) 3.24
[BENCHMARK] max_user_tokens_per_second(tokens/sec/user) 3.24
[BENCHMARK] min_user_tokens_per_second(tokens/sec/user) 3.24
[BENCHMARK] p99_user_tokens_per_second(tokens/sec/user) 3.24
[BENCHMARK] p90_user_tokens_per_second(tokens/sec/user) 3.24
[BENCHMARK] p50_user_tokens_per_second(tokens/sec/user) 3.24

[BENCHMARK] avg_request_queueing_latency(ms) 3.67
[BENCHMARK] max_request_queueing_latency(ms) 3.85
[BENCHMARK] min_request_queueing_latency(ms) 3.48
[BENCHMARK] p99_request_queueing_latency(ms) 3.85
[BENCHMARK] p90_request_queueing_latency(ms) 3.85
[BENCHMARK] p50_request_queueing_latency(ms) 3.48

