[BENCHMARK] num_samples 2
[BENCHMARK] num_error_samples 0

[BENCHMARK] num_samples 2
[BENCHMARK] total_latency(ms) 129641.23
[BENCHMARK] seq_throughput(seq/sec) 0.02
[BENCHMARK] token_throughput(token/sec) 3.58
[BENCHMARK] avg_acceptance_rate(tokens/decoding steps) 1.00

[BENCHMARK] avg_sequence_latency(ms) 64820.58
[BENCHMARK] max_sequence_latency(ms) 65513.57
[BENCHMARK] min_sequence_latency(ms) 64127.58
[BENCHMARK] p99_sequence_latency(ms) 65513.57
[BENCHMARK] p90_sequence_latency(ms) 65513.57
[BENCHMARK] p50_sequence_latency(ms) 64127.58

[BENCHMARK] avg_time_to_first_token(ms) 975.69
[BENCHMARK] max_time_to_first_token(ms) 1669.09
[BENCHMARK] min_time_to_first_token(ms) 282.28
[BENCHMARK] p99_time_to_first_token(ms) 1669.09
[BENCHMARK] p90_time_to_first_token(ms) 1669.09
[BENCHMARK] p50_time_to_first_token(ms) 282.28

[BENCHMARK] avg_inter_token_latency(ms) 276.38
[BENCHMARK] max_inter_token_latency(ms) 276.39
[BENCHMARK] min_inter_token_latency(ms) 276.38
[BENCHMARK] p99_inter_token_latency(ms) 276.39
[BENCHMARK] p90_inter_token_latency(ms) 276.39
[BENCHMARK] p50_inter_token_latency(ms) 276.38

[BENCHMARK] avg_user_tokens_per_second(tokens/sec/user) 3.62
[BENCHMARK] max_user_tokens_per_second(tokens/sec/user) 3.62
[BENCHMARK] min_user_tokens_per_second(tokens/sec/user) 3.62
[BENCHMARK] p99_user_tokens_per_second(tokens/sec/user) 3.62
[BENCHMARK] p90_user_tokens_per_second(tokens/sec/user) 3.62
[BENCHMARK] p50_user_tokens_per_second(tokens/sec/user) 3.62

[BENCHMARK] avg_request_queueing_latency(ms) 0.86
[BENCHMARK] max_request_queueing_latency(ms) 0.88
[BENCHMARK] min_request_queueing_latency(ms) 0.85
[BENCHMARK] p99_request_queueing_latency(ms) 0.88
[BENCHMARK] p90_request_queueing_latency(ms) 0.88
[BENCHMARK] p50_request_queueing_latency(ms) 0.85

