[BENCHMARK] num_samples 160
[BENCHMARK] num_error_samples 0

[BENCHMARK] num_samples 160
[BENCHMARK] total_latency(ms) 798401.38
[BENCHMARK] seq_throughput(seq/sec) 0.20
[BENCHMARK] token_throughput(token/sec) 46.49
[BENCHMARK] avg_acceptance_rate(tokens/decoding steps) 1.00

[BENCHMARK] avg_sequence_latency(ms) 79799.45
[BENCHMARK] max_sequence_latency(ms) 80228.41
[BENCHMARK] min_sequence_latency(ms) 76441.45
[BENCHMARK] p99_sequence_latency(ms) 80228.41
[BENCHMARK] p90_sequence_latency(ms) 80216.18
[BENCHMARK] p50_sequence_latency(ms) 80151.41

[BENCHMARK] avg_time_to_first_token(ms) 45162.82
[BENCHMARK] max_time_to_first_token(ms) 57388.73
[BENCHMARK] min_time_to_first_token(ms) 34765.16
[BENCHMARK] p99_time_to_first_token(ms) 57388.73
[BENCHMARK] p90_time_to_first_token(ms) 57375.40
[BENCHMARK] p50_time_to_first_token(ms) 38425.77

[BENCHMARK] avg_inter_token_latency(ms) 149.94
[BENCHMARK] max_inter_token_latency(ms) 180.68
[BENCHMARK] min_inter_token_latency(ms) 98.71
[BENCHMARK] p99_inter_token_latency(ms) 180.68
[BENCHMARK] p90_inter_token_latency(ms) 180.66
[BENCHMARK] p50_inter_token_latency(ms) 180.53

[BENCHMARK] avg_user_tokens_per_second(tokens/sec/user) 7.25
[BENCHMARK] max_user_tokens_per_second(tokens/sec/user) 10.13
[BENCHMARK] min_user_tokens_per_second(tokens/sec/user) 5.53
[BENCHMARK] p99_user_tokens_per_second(tokens/sec/user) 10.13
[BENCHMARK] p90_user_tokens_per_second(tokens/sec/user) 10.12
[BENCHMARK] p50_user_tokens_per_second(tokens/sec/user) 5.54

[BENCHMARK] avg_request_queueing_latency(ms) 0.97
[BENCHMARK] max_request_queueing_latency(ms) 3.17
[BENCHMARK] min_request_queueing_latency(ms) 0.67
[BENCHMARK] p99_request_queueing_latency(ms) 3.17
[BENCHMARK] p90_request_queueing_latency(ms) 0.82
[BENCHMARK] p50_request_queueing_latency(ms) 0.70

