[BENCHMARK] num_samples 4
[BENCHMARK] num_error_samples 0

[BENCHMARK] num_samples 4
[BENCHMARK] total_latency(ms) 133407.59
[BENCHMARK] seq_throughput(seq/sec) 0.03
[BENCHMARK] token_throughput(token/sec) 6.96
[BENCHMARK] avg_acceptance_rate(tokens/decoding steps) 1.00

[BENCHMARK] avg_sequence_latency(ms) 66703.69
[BENCHMARK] max_sequence_latency(ms) 67518.78
[BENCHMARK] min_sequence_latency(ms) 65888.60
[BENCHMARK] p99_sequence_latency(ms) 67518.78
[BENCHMARK] p90_sequence_latency(ms) 67518.78
[BENCHMARK] p50_sequence_latency(ms) 65888.60

[BENCHMARK] avg_time_to_first_token(ms) 2489.35
[BENCHMARK] max_time_to_first_token(ms) 3305.04
[BENCHMARK] min_time_to_first_token(ms) 1673.66
[BENCHMARK] p99_time_to_first_token(ms) 3305.04
[BENCHMARK] p90_time_to_first_token(ms) 3305.04
[BENCHMARK] p50_time_to_first_token(ms) 1673.66

[BENCHMARK] avg_inter_token_latency(ms) 277.98
[BENCHMARK] max_inter_token_latency(ms) 277.99
[BENCHMARK] min_inter_token_latency(ms) 277.98
[BENCHMARK] p99_inter_token_latency(ms) 277.99
[BENCHMARK] p90_inter_token_latency(ms) 277.99
[BENCHMARK] p50_inter_token_latency(ms) 277.98

[BENCHMARK] avg_user_tokens_per_second(tokens/sec/user) 3.60
[BENCHMARK] max_user_tokens_per_second(tokens/sec/user) 3.60
[BENCHMARK] min_user_tokens_per_second(tokens/sec/user) 3.60
[BENCHMARK] p99_user_tokens_per_second(tokens/sec/user) 3.60
[BENCHMARK] p90_user_tokens_per_second(tokens/sec/user) 3.60
[BENCHMARK] p50_user_tokens_per_second(tokens/sec/user) 3.60

[BENCHMARK] avg_request_queueing_latency(ms) 1.86
[BENCHMARK] max_request_queueing_latency(ms) 1.87
[BENCHMARK] min_request_queueing_latency(ms) 1.86
[BENCHMARK] p99_request_queueing_latency(ms) 1.87
[BENCHMARK] p90_request_queueing_latency(ms) 1.87
[BENCHMARK] p50_request_queueing_latency(ms) 1.86

