[BENCHMARK] num_samples 8
[BENCHMARK] num_error_samples 0

[BENCHMARK] num_samples 8
[BENCHMARK] total_latency(ms) 140830.22
[BENCHMARK] seq_throughput(seq/sec) 0.06
[BENCHMARK] token_throughput(token/sec) 13.18
[BENCHMARK] avg_acceptance_rate(tokens/decoding steps) 1.00

[BENCHMARK] avg_sequence_latency(ms) 70415.05
[BENCHMARK] max_sequence_latency(ms) 71232.96
[BENCHMARK] min_sequence_latency(ms) 69597.12
[BENCHMARK] p99_sequence_latency(ms) 71232.96
[BENCHMARK] p90_sequence_latency(ms) 71232.96
[BENCHMARK] p50_sequence_latency(ms) 69597.12

[BENCHMARK] avg_time_to_first_token(ms) 5770.63
[BENCHMARK] max_time_to_first_token(ms) 6589.34
[BENCHMARK] min_time_to_first_token(ms) 4951.92
[BENCHMARK] p99_time_to_first_token(ms) 6589.34
[BENCHMARK] p90_time_to_first_token(ms) 6589.34
[BENCHMARK] p50_time_to_first_token(ms) 4951.92

[BENCHMARK] avg_inter_token_latency(ms) 279.85
[BENCHMARK] max_inter_token_latency(ms) 279.85
[BENCHMARK] min_inter_token_latency(ms) 279.84
[BENCHMARK] p99_inter_token_latency(ms) 279.85
[BENCHMARK] p90_inter_token_latency(ms) 279.85
[BENCHMARK] p50_inter_token_latency(ms) 279.84

[BENCHMARK] avg_user_tokens_per_second(tokens/sec/user) 3.57
[BENCHMARK] max_user_tokens_per_second(tokens/sec/user) 3.57
[BENCHMARK] min_user_tokens_per_second(tokens/sec/user) 3.57
[BENCHMARK] p99_user_tokens_per_second(tokens/sec/user) 3.57
[BENCHMARK] p90_user_tokens_per_second(tokens/sec/user) 3.57
[BENCHMARK] p50_user_tokens_per_second(tokens/sec/user) 3.57

[BENCHMARK] avg_request_queueing_latency(ms) 2.35
[BENCHMARK] max_request_queueing_latency(ms) 2.44
[BENCHMARK] min_request_queueing_latency(ms) 2.26
[BENCHMARK] p99_request_queueing_latency(ms) 2.44
[BENCHMARK] p90_request_queueing_latency(ms) 2.44
[BENCHMARK] p50_request_queueing_latency(ms) 2.26

