[BENCHMARK] num_samples 32
[BENCHMARK] num_error_samples 0

[BENCHMARK] num_samples 32
[BENCHMARK] total_latency(ms) 118608.72
[BENCHMARK] seq_throughput(seq/sec) 0.27
[BENCHMARK] token_throughput(token/sec) 62.59
[BENCHMARK] avg_acceptance_rate(tokens/decoding steps) 1.00

[BENCHMARK] avg_sequence_latency(ms) 59279.02
[BENCHMARK] max_sequence_latency(ms) 60466.68
[BENCHMARK] min_sequence_latency(ms) 58101.44
[BENCHMARK] p99_sequence_latency(ms) 60466.68
[BENCHMARK] p90_sequence_latency(ms) 60466.61
[BENCHMARK] p50_sequence_latency(ms) 58141.68

[BENCHMARK] avg_time_to_first_token(ms) 32431.43
[BENCHMARK] max_time_to_first_token(ms) 33973.18
[BENCHMARK] min_time_to_first_token(ms) 31061.58
[BENCHMARK] p99_time_to_first_token(ms) 33973.18
[BENCHMARK] p90_time_to_first_token(ms) 33923.38
[BENCHMARK] p50_time_to_first_token(ms) 31630.20

[BENCHMARK] avg_inter_token_latency(ms) 116.22
[BENCHMARK] max_inter_token_latency(ms) 117.06
[BENCHMARK] min_inter_token_latency(ms) 114.69
[BENCHMARK] p99_inter_token_latency(ms) 117.06
[BENCHMARK] p90_inter_token_latency(ms) 117.06
[BENCHMARK] p50_inter_token_latency(ms) 116.97

[BENCHMARK] avg_user_tokens_per_second(tokens/sec/user) 8.60
[BENCHMARK] max_user_tokens_per_second(tokens/sec/user) 8.72
[BENCHMARK] min_user_tokens_per_second(tokens/sec/user) 8.54
[BENCHMARK] p99_user_tokens_per_second(tokens/sec/user) 8.72
[BENCHMARK] p90_user_tokens_per_second(tokens/sec/user) 8.70
[BENCHMARK] p50_user_tokens_per_second(tokens/sec/user) 8.55

[BENCHMARK] avg_request_queueing_latency(ms) 2.21
[BENCHMARK] max_request_queueing_latency(ms) 2.63
[BENCHMARK] min_request_queueing_latency(ms) 1.80
[BENCHMARK] p99_request_queueing_latency(ms) 2.63
[BENCHMARK] p90_request_queueing_latency(ms) 2.63
[BENCHMARK] p50_request_queueing_latency(ms) 1.80

